This is the file created when I was trying to generate all possible words by giving a word as input, you will learn python when you try the following code out in the IDLE

>>> a="recede"
for i in 0,1,2,3,4,5:
	a+= a[i]
	
>>> a
'recede'
>>> a="recede"
a = sorted(a)
for i in 0,1,2,3,4,5:
	a+= a[i]
	
>>> a
'recede'
>>> a=sorted("recede")
for i in 0,1,2,3,4,5:
	b+= a[i]
	
>>> a
['c', 'd', 'e', 'e', 'e', 'r']
>>> b

Traceback (most recent call last):
  File "<pyshell#6>", line 1, in <module>
    b
NameError: name 'b' is not defined
>>> b = a[0]+a[1]+a[2]+a[3]+a[4]+a[5]
>>> b
'cdeeer'
>>> b.join('aa')
'acdeeera'
>>> a=sorted("recede")
for i in 0,1,2,3,4,5:
	b.join(a[i])
	
>>> b
'cdeeer'
>>> 
a=sorted("recede")
for i in 0,1,2,3,4,5:
	b.join(a[i])
for i in a:
	for j in a:
		for k in a:
			for l in a:
				for m in a:
					for n in a:
						string = i+j+k+l+m+n
						s = sorted(string)
						if s[0]=='c':
							if s[1]=='d':
								if s[2]==s[3]==s[4]:
									if s[5]=='r':
										print string,
										
>>> 	a=sorted("recede")
for i in 0,1,2,3,4,5:
	b.join(a[i])
a=b
for i in a:
	for j in a:
		for k in a:
			for l in a:
				for m in a:
					for n in a:
						string = i+j+k+l+m+n
						s = sorted(string)
						if s[0]=='c':
							if s[1]=='d':
								if s[2]==s[3]==s[4]:
									if s[5]=='r':
										print string,

  File "<pyshell#13>", line 1
    a=sorted("recede")
   ^
IndentationError: unexpected indent
>>> a=sorted("recede")
b=''
for i in 0,1,2,3,4,5:
	b.join(a[i])
for i in b:
	for j in b:
		for k in b:
			for l in b:
				for m in b:
					for n in b:
						string = i+j+k+l+m+n
						s = sorted(string)
						if s[0]=='c':
							if s[1]=='d':
								if s[2]==s[3]==s[4]:
									if s[5]=='r':
										print string,

>>> b='cdeeer'
>>> for i in b:
	for j in b:
		for k in b:
			for l in b:
				for m in b:
					for n in b:
						string = i+j+k+l+m+n
						s = sorted(string)
						if s[0]=='c':
							if s[1]=='d':
								if s[2]==s[3]==s[4]:
									if s[5]=='r':
										print string,

cddddr cdddrd cddrdd cdeeer cdeeer cdeeer cdeere cdeere cdeere cdeeer cdeeer cdeeer cdeere cdeere cdeere cdeeer cdeeer cdeeer cdeere cdeere cdeere cderee cderee cderee cderee cderee cderee cderee cderee cderee cdeeer cdeeer cdeeer cdeere cdeere cdeere cdeeer cdeeer cdeeer cdeere cdeere cdeere cdeeer cdeeer cdeeer cdeere cdeere cdeere cderee cderee cderee cderee cderee cderee cderee cderee cderee cdeeer cdeeer cdeeer cdeere cdeere cdeere cdeeer cdeeer cdeeer cdeere cdeere cdeere cdeeer cdeeer cdeeer cdeere cdeere cdeere cderee cderee cderee cderee cderee cderee cderee cderee cderee cdrddd cdreee cdreee cdreee cdreee cdreee cdreee cdreee cdreee cdreee cdreee cdreee cdreee cdreee cdreee cdreee cdreee cdreee cdreee cdreee cdreee cdreee cdreee cdreee cdreee cdreee cdreee cdreee cdrrrr cedeer cedeer cedeer cedere cedere cedere cedeer cedeer cedeer cedere cedere cedere cedeer cedeer cedeer cedere cedere cedere cedree cedree cedree cedree cedree cedree cedree cedree cedree ceeder ceeder ceeder ceedre ceedre ceedre ceeedr ceeerd ceeedr ceeerd ceeedr ceeerd ceerde ceerde ceerde ceered ceered ceered ceeder ceeder ceeder ceedre ceedre ceedre ceeedr ceeerd ceeedr ceeerd ceeedr ceeerd ceerde ceerde ceerde ceered ceered ceered ceeder ceeder ceeder ceedre ceedre ceedre ceeedr ceeerd ceeedr ceeerd ceeedr ceeerd ceerde ceerde ceerde ceered ceered ceered cerdee cerdee cerdee cerdee cerdee cerdee cerdee cerdee cerdee cerede cerede cerede cereed cereed cereed cerede cerede cerede cereed cereed cereed cerede cerede cerede cereed cereed cereed cedeer cedeer cedeer cedere cedere cedere cedeer cedeer cedeer cedere cedere cedere cedeer cedeer cedeer cedere cedere cedere cedree cedree cedree cedree cedree cedree cedree cedree cedree ceeder ceeder ceeder ceedre ceedre ceedre ceeedr ceeerd ceeedr ceeerd ceeedr ceeerd ceerde ceerde ceerde ceered ceered ceered ceeder ceeder ceeder ceedre ceedre ceedre ceeedr ceeerd ceeedr ceeerd ceeedr ceeerd ceerde ceerde ceerde ceered ceered ceered ceeder ceeder ceeder ceedre ceedre ceedre ceeedr ceeerd ceeedr ceeerd ceeedr ceeerd ceerde ceerde ceerde ceered ceered ceered cerdee cerdee cerdee cerdee cerdee cerdee cerdee cerdee cerdee cerede cerede cerede cereed cereed cereed cerede cerede cerede cereed cereed cereed cerede cerede cerede cereed cereed cereed cedeer cedeer cedeer cedere cedere cedere cedeer cedeer cedeer cedere cedere cedere cedeer cedeer cedeer cedere cedere cedere cedree cedree cedree cedree cedree cedree cedree cedree cedree ceeder ceeder ceeder ceedre ceedre ceedre ceeedr ceeerd ceeedr ceeerd ceeedr ceeerd ceerde ceerde ceerde ceered ceered ceered ceeder ceeder ceeder ceedre ceedre ceedre ceeedr ceeerd ceeedr ceeerd ceeedr ceeerd ceerde ceerde ceerde ceered ceered ceered ceeder ceeder ceeder ceedre ceedre ceedre ceeedr ceeerd ceeedr ceeerd ceeedr ceeerd ceerde ceerde ceerde ceered ceered ceered cerdee cerdee cerdee cerdee cerdee cerdee cerdee cerdee cerdee cerede cerede cerede cereed cereed cereed cerede cerede cerede cereed cereed cereed cerede cerede cerede cereed cereed cereed crdddd crdeee crdeee crdeee crdeee crdeee crdeee crdeee crdeee crdeee crdeee crdeee crdeee crdeee crdeee crdeee crdeee crdeee crdeee crdeee crdeee crdeee crdeee crdeee crdeee crdeee crdeee crdeee crdrrr credee credee credee credee credee credee credee credee credee creede creede creede creeed creeed creeed creede creede creede creeed creeed creeed creede creede creede creeed creeed creeed credee credee credee credee credee credee credee credee credee creede creede creede creeed creeed creeed creede creede creede creeed creeed creeed creede creede creede creeed creeed creeed credee credee credee credee credee credee credee credee credee creede creede creede creeed creeed creeed creede creede creede creeed creeed creeed creede creede creede creeed creeed creeed crrdrr crrrdr crrrrd dcdddr dcddrd dcdrdd dceeer dceeer dceeer dceere dceere dceere dceeer dceeer dceeer dceere dceere dceere dceeer dceeer dceeer dceere dceere dceere dceree dceree dceree dceree dceree dceree dceree dceree dceree dceeer dceeer dceeer dceere dceere dceere dceeer dceeer dceeer dceere dceere dceere dceeer dceeer dceeer dceere dceere dceere dceree dceree dceree dceree dceree dceree dceree dceree dceree dceeer dceeer dceeer dceere dceere dceere dceeer dceeer dceeer dceere dceere dceere dceeer dceeer dceeer dceere dceere dceere dceree dceree dceree dceree dceree dceree dceree dceree dceree dcrddd dcreee dcreee dcreee dcreee dcreee dcreee dcreee dcreee dcreee dcreee dcreee dcreee dcreee dcreee dcreee dcreee dcreee dcreee dcreee dcreee dcreee dcreee dcreee dcreee dcreee dcreee dcreee dcrrrr ddcddr ddcdrd ddcrdd dddcdr dddcrd ddddcr ddddrc dddrcd dddrdc ddrcdd ddrdcd ddrddc deceer deceer deceer decere decere decere deceer deceer deceer decere decere decere deceer deceer deceer decere decere decere decree decree decree decree decree decree decree decree decree deecer deecer deecer deecre deecre deecre deeecr deeerc deeecr deeerc deeecr deeerc deerce deerce deerce deerec deerec deerec deecer deecer deecer deecre deecre deecre deeecr deeerc deeecr deeerc deeecr deeerc deerce deerce deerce deerec deerec deerec deecer deecer deecer deecre deecre deecre deeecr deeerc deeecr deeerc deeecr deeerc deerce deerce deerce deerec deerec deerec dercee dercee dercee dercee dercee dercee dercee dercee dercee derece derece derece dereec dereec dereec derece derece derece dereec dereec dereec derece derece derece dereec dereec dereec deceer deceer deceer decere decere decere deceer deceer deceer decere decere decere deceer deceer deceer decere decere decere decree decree decree decree decree decree decree decree decree deecer deecer deecer deecre deecre deecre deeecr deeerc deeecr deeerc deeecr deeerc deerce deerce deerce deerec deerec deerec deecer deecer deecer deecre deecre deecre deeecr deeerc deeecr deeerc deeecr deeerc deerce deerce deerce deerec deerec deerec deecer deecer deecer deecre deecre deecre deeecr deeerc deeecr deeerc deeecr deeerc deerce deerce deerce deerec deerec deerec dercee dercee dercee dercee dercee dercee dercee dercee dercee derece derece derece dereec dereec dereec derece derece derece dereec dereec dereec derece derece derece dereec dereec dereec deceer deceer deceer decere decere decere deceer deceer deceer decere decere decere deceer deceer deceer decere decere decere decree decree decree decree decree decree decree decree decree deecer deecer deecer deecre deecre deecre deeecr deeerc deeecr deeerc deeecr deeerc deerce deerce deerce deerec deerec deerec deecer deecer deecer deecre deecre deecre deeecr deeerc deeecr deeerc deeecr deeerc deerce deerce deerce deerec deerec deerec deecer deecer deecer deecre deecre deecre deeecr deeerc deeecr deeerc deeecr deeerc deerce deerce deerce deerec deerec deerec dercee dercee dercee dercee dercee dercee dercee dercee dercee derece derece derece dereec dereec dereec derece derece derece dereec dereec dereec derece derece derece dereec dereec dereec drcddd drceee drceee drceee drceee drceee drceee drceee drceee drceee drceee drceee drceee drceee drceee drceee drceee drceee drceee drceee drceee drceee drceee drceee drceee drceee drceee drceee drcrrr drdcdd drddcd drdddc drecee drecee drecee drecee drecee drecee drecee drecee drecee dreece dreece dreece dreeec dreeec dreeec dreece dreece dreece dreeec dreeec dreeec dreece dreece dreece dreeec dreeec dreeec drecee drecee drecee drecee drecee drecee drecee drecee drecee dreece dreece dreece dreeec dreeec dreeec dreece dreece dreece dreeec dreeec dreeec dreece dreece dreece dreeec dreeec dreeec drecee drecee drecee drecee drecee drecee drecee drecee drecee dreece dreece dreece dreeec dreeec dreeec dreece dreece dreece dreeec dreeec dreeec dreece dreece dreece dreeec dreeec dreeec drrcrr drrrcr drrrrc ecdeer ecdeer ecdeer ecdere ecdere ecdere ecdeer ecdeer ecdeer ecdere ecdere ecdere ecdeer ecdeer ecdeer ecdere ecdere ecdere ecdree ecdree ecdree ecdree ecdree ecdree ecdree ecdree ecdree eceder eceder eceder ecedre ecedre ecedre eceedr eceerd eceedr eceerd eceedr eceerd ecerde ecerde ecerde ecered ecered ecered eceder eceder eceder ecedre ecedre ecedre eceedr eceerd eceedr eceerd eceedr eceerd ecerde ecerde ecerde ecered ecered ecered eceder eceder eceder ecedre ecedre ecedre eceedr eceerd eceedr eceerd eceedr eceerd ecerde ecerde ecerde ecered ecered ecered ecrdee ecrdee ecrdee ecrdee ecrdee ecrdee ecrdee ecrdee ecrdee ecrede ecrede ecrede ecreed ecreed ecreed ecrede ecrede ecrede ecreed ecreed ecreed ecrede ecrede ecrede ecreed ecreed ecreed edceer edceer edceer edcere edcere edcere edceer edceer edceer edcere edcere edcere edceer edceer edceer edcere edcere edcere edcree edcree edcree edcree edcree edcree edcree edcree edcree edecer edecer edecer edecre edecre edecre edeecr edeerc edeecr edeerc edeecr edeerc ederce ederce ederce ederec ederec ederec edecer edecer edecer edecre edecre edecre edeecr edeerc edeecr edeerc edeecr edeerc ederce ederce ederce ederec ederec ederec edecer edecer edecer edecre edecre edecre edeecr edeerc edeecr edeerc edeecr edeerc ederce ederce ederce ederec ederec ederec edrcee edrcee edrcee edrcee edrcee edrcee edrcee edrcee edrcee edrece edrece edrece edreec edreec edreec edrece edrece edrece edreec edreec edreec edrece edrece edrece edreec edreec edreec eecder eecder eecder eecdre eecdre eecdre eecedr eecerd eecedr eecerd eecedr eecerd eecrde eecrde eecrde eecred eecred eecred eedcer eedcer eedcer eedcre eedcre eedcre eedecr eederc eedecr eederc eedecr eederc eedrce eedrce eedrce eedrec eedrec eedrec eeecdr eeecrd eeedcr eeedrc eeercd eeerdc eeecdr eeecrd eeedcr eeedrc eeercd eeerdc eeecdr eeecrd eeedcr eeedrc eeercd eeerdc eercde eercde eercde eerced eerced eerced eerdce eerdce eerdce eerdec eerdec eerdec eerecd eeredc eerecd eeredc eerecd eeredc eecder eecder eecder eecdre eecdre eecdre eecedr eecerd eecedr eecerd eecedr eecerd eecrde eecrde eecrde eecred eecred eecred eedcer eedcer eedcer eedcre eedcre eedcre eedecr eederc eedecr eederc eedecr eederc eedrce eedrce eedrce eedrec eedrec eedrec eeecdr eeecrd eeedcr eeedrc eeercd eeerdc eeecdr eeecrd eeedcr eeedrc eeercd eeerdc eeecdr eeecrd eeedcr eeedrc eeercd eeerdc eercde eercde eercde eerced eerced eerced eerdce eerdce eerdce eerdec eerdec eerdec eerecd eeredc eerecd eeredc eerecd eeredc eecder eecder eecder eecdre eecdre eecdre eecedr eecerd eecedr eecerd eecedr eecerd eecrde eecrde eecrde eecred eecred eecred eedcer eedcer eedcer eedcre eedcre eedcre eedecr eederc eedecr eederc eedecr eederc eedrce eedrce eedrce eedrec eedrec eedrec eeecdr eeecrd eeedcr eeedrc eeercd eeerdc eeecdr eeecrd eeedcr eeedrc eeercd eeerdc eeecdr eeecrd eeedcr eeedrc eeercd eeerdc eercde eercde eercde eerced eerced eerced eerdce eerdce eerdce eerdec eerdec eerdec eerecd eeredc eerecd eeredc eerecd eeredc ercdee ercdee ercdee ercdee ercdee ercdee ercdee ercdee ercdee ercede ercede ercede erceed erceed erceed ercede ercede ercede erceed erceed erceed ercede ercede ercede erceed erceed erceed erdcee erdcee erdcee erdcee erdcee erdcee erdcee erdcee erdcee erdece erdece erdece erdeec erdeec erdeec erdece erdece erdece erdeec erdeec erdeec erdece erdece erdece erdeec erdeec erdeec erecde erecde erecde ereced ereced ereced eredce eredce eredce eredec eredec eredec ereecd ereedc ereecd ereedc ereecd ereedc erecde erecde erecde ereced ereced ereced eredce eredce eredce eredec eredec eredec ereecd ereedc ereecd ereedc ereecd ereedc erecde erecde erecde ereced ereced ereced eredce eredce eredce eredec eredec eredec ereecd ereedc ereecd ereedc ereecd ereedc ecdeer ecdeer ecdeer ecdere ecdere ecdere ecdeer ecdeer ecdeer ecdere ecdere ecdere ecdeer ecdeer ecdeer ecdere ecdere ecdere ecdree ecdree ecdree ecdree ecdree ecdree ecdree ecdree ecdree eceder eceder eceder ecedre ecedre ecedre eceedr eceerd eceedr eceerd eceedr eceerd ecerde ecerde ecerde ecered ecered ecered eceder eceder eceder ecedre ecedre ecedre eceedr eceerd eceedr eceerd eceedr eceerd ecerde ecerde ecerde ecered ecered ecered eceder eceder eceder ecedre ecedre ecedre eceedr eceerd eceedr eceerd eceedr eceerd ecerde ecerde ecerde ecered ecered ecered ecrdee ecrdee ecrdee ecrdee ecrdee ecrdee ecrdee ecrdee ecrdee ecrede ecrede ecrede ecreed ecreed ecreed ecrede ecrede ecrede ecreed ecreed ecreed ecrede ecrede ecrede ecreed ecreed ecreed edceer edceer edceer edcere edcere edcere edceer edceer edceer edcere edcere edcere edceer edceer edceer edcere edcere edcere edcree edcree edcree edcree edcree edcree edcree edcree edcree edecer edecer edecer edecre edecre edecre edeecr edeerc edeecr edeerc edeecr edeerc ederce ederce ederce ederec ederec ederec edecer edecer edecer edecre edecre edecre edeecr edeerc edeecr edeerc edeecr edeerc ederce ederce ederce ederec ederec ederec edecer edecer edecer edecre edecre edecre edeecr edeerc edeecr edeerc edeecr edeerc ederce ederce ederce ederec ederec ederec edrcee edrcee edrcee edrcee edrcee edrcee edrcee edrcee edrcee edrece edrece edrece edreec edreec edreec edrece edrece edrece edreec edreec edreec edrece edrece edrece edreec edreec edreec eecder eecder eecder eecdre eecdre eecdre eecedr eecerd eecedr eecerd eecedr eecerd eecrde eecrde eecrde eecred eecred eecred eedcer eedcer eedcer eedcre eedcre eedcre eedecr eederc eedecr eederc eedecr eederc eedrce eedrce eedrce eedrec eedrec eedrec eeecdr eeecrd eeedcr eeedrc eeercd eeerdc eeecdr eeecrd eeedcr eeedrc eeercd eeerdc eeecdr eeecrd eeedcr eeedrc eeercd eeerdc eercde eercde eercde eerced eerced eerced eerdce eerdce eerdce eerdec eerdec eerdec eerecd eeredc eerecd eeredc eerecd eeredc eecder eecder eecder eecdre eecdre eecdre eecedr eecerd eecedr eecerd eecedr eecerd eecrde eecrde eecrde eecred eecred eecred eedcer eedcer eedcer eedcre eedcre eedcre eedecr eederc eedecr eederc eedecr eederc eedrce eedrce eedrce eedrec eedrec eedrec eeecdr eeecrd eeedcr eeedrc eeercd eeerdc eeecdr eeecrd eeedcr eeedrc eeercd eeerdc eeecdr eeecrd eeedcr eeedrc eeercd eeerdc eercde eercde eercde eerced eerced eerced eerdce eerdce eerdce eerdec eerdec eerdec eerecd eeredc eerecd eeredc eerecd eeredc eecder eecder eecder eecdre eecdre eecdre eecedr eecerd eecedr eecerd eecedr eecerd eecrde eecrde eecrde eecred eecred eecred eedcer eedcer eedcer eedcre eedcre eedcre eedecr eederc eedecr eederc eedecr eederc eedrce eedrce eedrce eedrec eedrec eedrec eeecdr eeecrd eeedcr eeedrc eeercd eeerdc eeecdr eeecrd eeedcr eeedrc eeercd eeerdc eeecdr eeecrd eeedcr eeedrc eeercd eeerdc eercde eercde eercde eerced eerced eerced eerdce eerdce eerdce eerdec eerdec eerdec eerecd eeredc eerecd eeredc eerecd eeredc ercdee ercdee ercdee ercdee ercdee ercdee ercdee ercdee ercdee ercede ercede ercede erceed erceed erceed ercede ercede ercede erceed erceed erceed ercede ercede ercede erceed erceed erceed erdcee erdcee erdcee erdcee erdcee erdcee erdcee erdcee erdcee erdece erdece erdece erdeec erdeec erdeec erdece erdece erdece erdeec erdeec erdeec erdece erdece erdece erdeec erdeec erdeec erecde erecde erecde ereced ereced ereced eredce eredce eredce eredec eredec eredec ereecd ereedc ereecd ereedc ereecd ereedc erecde erecde erecde ereced ereced ereced eredce eredce eredce eredec eredec eredec ereecd ereedc ereecd ereedc ereecd ereedc erecde erecde erecde ereced ereced ereced eredce eredce eredce eredec eredec eredec ereecd ereedc ereecd ereedc ereecd ereedc ecdeer ecdeer ecdeer ecdere ecdere ecdere ecdeer ecdeer ecdeer ecdere ecdere ecdere ecdeer ecdeer ecdeer ecdere ecdere ecdere ecdree ecdree ecdree ecdree ecdree ecdree ecdree ecdree ecdree eceder eceder eceder ecedre ecedre ecedre eceedr eceerd eceedr eceerd eceedr eceerd ecerde ecerde ecerde ecered ecered ecered eceder eceder eceder ecedre ecedre ecedre eceedr eceerd eceedr eceerd eceedr eceerd ecerde ecerde ecerde ecered ecered ecered eceder eceder eceder ecedre ecedre ecedre eceedr eceerd eceedr eceerd eceedr eceerd ecerde ecerde ecerde ecered ecered ecered ecrdee ecrdee ecrdee ecrdee ecrdee ecrdee ecrdee ecrdee ecrdee ecrede ecrede ecrede ecreed ecreed ecreed ecrede ecrede ecrede ecreed ecreed ecreed ecrede ecrede ecrede ecreed ecreed ecreed edceer edceer edceer edcere edcere edcere edceer edceer edceer edcere edcere edcere edceer edceer edceer edcere edcere edcere edcree edcree edcree edcree edcree edcree edcree edcree edcree edecer edecer edecer edecre edecre edecre edeecr edeerc edeecr edeerc edeecr edeerc ederce ederce ederce ederec ederec ederec edecer edecer edecer edecre edecre edecre edeecr edeerc edeecr edeerc edeecr edeerc ederce ederce ederce ederec ederec ederec edecer edecer edecer edecre edecre edecre edeecr edeerc edeecr edeerc edeecr edeerc ederce ederce ederce ederec ederec ederec edrcee edrcee edrcee edrcee edrcee edrcee edrcee edrcee edrcee edrece edrece edrece edreec edreec edreec edrece edrece edrece edreec edreec edreec edrece edrece edrece edreec edreec edreec eecder eecder eecder eecdre eecdre eecdre eecedr eecerd eecedr eecerd eecedr eecerd eecrde eecrde eecrde eecred eecred eecred eedcer eedcer eedcer eedcre eedcre eedcre eedecr eederc eedecr eederc eedecr eederc eedrce eedrce eedrce eedrec eedrec eedrec eeecdr eeecrd eeedcr eeedrc eeercd eeerdc eeecdr eeecrd eeedcr eeedrc eeercd eeerdc eeecdr eeecrd eeedcr eeedrc eeercd eeerdc eercde eercde eercde eerced eerced eerced eerdce eerdce eerdce eerdec eerdec eerdec eerecd eeredc eerecd eeredc eerecd eeredc eecder eecder eecder eecdre eecdre eecdre eecedr eecerd eecedr eecerd eecedr eecerd eecrde eecrde eecrde eecred eecred eecred eedcer eedcer eedcer eedcre eedcre eedcre eedecr eederc eedecr eederc eedecr eederc eedrce eedrce eedrce eedrec eedrec eedrec eeecdr eeecrd eeedcr eeedrc eeercd eeerdc eeecdr eeecrd eeedcr eeedrc eeercd eeerdc eeecdr eeecrd eeedcr eeedrc eeercd eeerdc eercde eercde eercde eerced eerced eerced eerdce eerdce eerdce eerdec eerdec eerdec eerecd eeredc eerecd eeredc eerecd eeredc eecder eecder eecder eecdre eecdre eecdre eecedr eecerd eecedr eecerd eecedr eecerd eecrde eecrde eecrde eecred eecred eecred eedcer eedcer eedcer eedcre eedcre eedcre eedecr eederc eedecr eederc eedecr eederc eedrce eedrce eedrce eedrec eedrec eedrec eeecdr eeecrd eeedcr eeedrc eeercd eeerdc eeecdr eeecrd eeedcr eeedrc eeercd eeerdc eeecdr eeecrd eeedcr eeedrc eeercd eeerdc eercde eercde eercde eerced eerced eerced eerdce eerdce eerdce eerdec eerdec eerdec eerecd eeredc eerecd eeredc eerecd eeredc ercdee ercdee ercdee ercdee ercdee ercdee ercdee ercdee ercdee ercede ercede ercede erceed erceed erceed ercede ercede ercede erceed erceed erceed ercede ercede ercede erceed erceed erceed erdcee erdcee erdcee erdcee erdcee erdcee erdcee erdcee erdcee erdece erdece erdece erdeec erdeec erdeec erdece erdece erdece erdeec erdeec erdeec erdece erdece erdece erdeec erdeec erdeec erecde erecde erecde ereced ereced ereced eredce eredce eredce eredec eredec eredec ereecd ereedc ereecd ereedc ereecd ereedc erecde erecde erecde ereced ereced ereced eredce eredce eredce eredec eredec eredec ereecd ereedc ereecd ereedc ereecd ereedc erecde erecde erecde ereced ereced ereced eredce eredce eredce eredec eredec eredec ereecd ereedc ereecd ereedc ereecd ereedc rcdddd rcdeee rcdeee rcdeee rcdeee rcdeee rcdeee rcdeee rcdeee rcdeee rcdeee rcdeee rcdeee rcdeee rcdeee rcdeee rcdeee rcdeee rcdeee rcdeee rcdeee rcdeee rcdeee rcdeee rcdeee rcdeee rcdeee rcdeee rcdrrr rcedee rcedee rcedee rcedee rcedee rcedee rcedee rcedee rcedee rceede rceede rceede rceeed rceeed rceeed rceede rceede rceede rceeed rceeed rceeed rceede rceede rceede rceeed rceeed rceeed rcedee rcedee rcedee rcedee rcedee rcedee rcedee rcedee rcedee rceede rceede rceede rceeed rceeed rceeed rceede rceede rceede rceeed rceeed rceeed rceede rceede rceede rceeed rceeed rceeed rcedee rcedee rcedee rcedee rcedee rcedee rcedee rcedee rcedee rceede rceede rceede rceeed rceeed rceeed rceede rceede rceede rceeed rceeed rceeed rceede rceede rceede rceeed rceeed rceeed rcrdrr rcrrdr rcrrrd rdcddd rdceee rdceee rdceee rdceee rdceee rdceee rdceee rdceee rdceee rdceee rdceee rdceee rdceee rdceee rdceee rdceee rdceee rdceee rdceee rdceee rdceee rdceee rdceee rdceee rdceee rdceee rdceee rdcrrr rddcdd rdddcd rddddc rdecee rdecee rdecee rdecee rdecee rdecee rdecee rdecee rdecee rdeece rdeece rdeece rdeeec rdeeec rdeeec rdeece rdeece rdeece rdeeec rdeeec rdeeec rdeece rdeece rdeece rdeeec rdeeec rdeeec rdecee rdecee rdecee rdecee rdecee rdecee rdecee rdecee rdecee rdeece rdeece rdeece rdeeec rdeeec rdeeec rdeece rdeece rdeece rdeeec rdeeec rdeeec rdeece rdeece rdeece rdeeec rdeeec rdeeec rdecee rdecee rdecee rdecee rdecee rdecee rdecee rdecee rdecee rdeece rdeece rdeece rdeeec rdeeec rdeeec rdeece rdeece rdeece rdeeec rdeeec rdeeec rdeece rdeece rdeece rdeeec rdeeec rdeeec rdrcrr rdrrcr rdrrrc recdee recdee recdee recdee recdee recdee recdee recdee recdee recede recede recede receed receed receed recede recede recede receed receed receed recede recede recede receed receed receed redcee redcee redcee redcee redcee redcee redcee redcee redcee redece redece redece redeec redeec redeec redece redece redece redeec redeec redeec redece redece redece redeec redeec redeec reecde reecde reecde reeced reeced reeced reedce reedce reedce reedec reedec reedec reeecd reeedc reeecd reeedc reeecd reeedc reecde reecde reecde reeced reeced reeced reedce reedce reedce reedec reedec reedec reeecd reeedc reeecd reeedc reeecd reeedc reecde reecde reecde reeced reeced reeced reedce reedce reedce reedec reedec reedec reeecd reeedc reeecd reeedc reeecd reeedc recdee recdee recdee recdee recdee recdee recdee recdee recdee recede recede recede receed receed receed recede recede recede receed receed receed recede recede recede receed receed receed redcee redcee redcee redcee redcee redcee redcee redcee redcee redece redece redece redeec redeec redeec redece redece redece redeec redeec redeec redece redece redece redeec redeec redeec reecde reecde reecde reeced reeced reeced reedce reedce reedce reedec reedec reedec reeecd reeedc reeecd reeedc reeecd reeedc reecde reecde reecde reeced reeced reeced reedce reedce reedce reedec reedec reedec reeecd reeedc reeecd reeedc reeecd reeedc reecde reecde reecde reeced reeced reeced reedce reedce reedce reedec reedec reedec reeecd reeedc reeecd reeedc reeecd reeedc recdee recdee recdee recdee recdee recdee recdee recdee recdee recede recede recede receed receed receed recede recede recede receed receed receed recede recede recede receed receed receed redcee redcee redcee redcee redcee redcee redcee redcee redcee redece redece redece redeec redeec redeec redece redece redece redeec redeec redeec redece redece redece redeec redeec redeec reecde reecde reecde reeced reeced reeced reedce reedce reedce reedec reedec reedec reeecd reeedc reeecd reeedc reeecd reeedc reecde reecde reecde reeced reeced reeced reedce reedce reedce reedec reedec reedec reeecd reeedc reeecd reeedc reeecd reeedc reecde reecde reecde reeced reeced reeced reedce reedce reedce reedec reedec reedec reeecd reeedc reeecd reeedc reeecd reeedc rrcdrr rrcrdr rrcrrd rrdcrr rrdrcr rrdrrc rrrcdr rrrcrd rrrdcr rrrdrc rrrrcd rrrrdc
>>> f = open('/home/igeeko/Desktop/vocab/web.pdf')
>>> a = f.read()
>>> print a
xxxsdf;dwjfl
sdfljwl
flwe
